c:\users\tom\source\repos\tictactoe\tictactoe\x64\debug\vc145.pdb
c:\users\tom\source\repos\tictactoe\tictactoe\x64\debug\vc145.idb
c:\users\tom\source\repos\tictactoe\tictactoe\x64\debug\main.obj
c:\users\tom\source\repos\tictactoe\tictactoe\x64\debug\tictactoe.obj
c:\users\tom\source\repos\tictactoe\tictactoe\x64\debug\outputhandler.obj
c:\users\tom\source\repos\tictactoe\tictactoe\x64\debug\inputhandler.obj
c:\users\tom\source\repos\tictactoe\tictactoe\x64\debug\tictactoe.ilk
c:\users\tom\source\repos\tictactoe\x64\debug\tictactoe.pdb
c:\users\tom\source\repos\tictactoe\tictactoe\x64\debug\tictactoe.tlog\cl.command.1.tlog
c:\users\tom\source\repos\tictactoe\tictactoe\x64\debug\tictactoe.tlog\cl.items.tlog
c:\users\tom\source\repos\tictactoe\tictactoe\x64\debug\tictactoe.tlog\cl.read.1.tlog
c:\users\tom\source\repos\tictactoe\tictactoe\x64\debug\tictactoe.tlog\cl.write.1.tlog
c:\users\tom\source\repos\tictactoe\tictactoe\x64\debug\tictactoe.tlog\link.11308-cvtres.read.1.tlog
c:\users\tom\source\repos\tictactoe\tictactoe\x64\debug\tictactoe.tlog\link.11308-cvtres.write.1.tlog
c:\users\tom\source\repos\tictactoe\tictactoe\x64\debug\tictactoe.tlog\link.11308-mt.read.1.tlog
c:\users\tom\source\repos\tictactoe\tictactoe\x64\debug\tictactoe.tlog\link.11308-mt.write.1.tlog
c:\users\tom\source\repos\tictactoe\tictactoe\x64\debug\tictactoe.tlog\link.11308-rc.read.1.tlog
c:\users\tom\source\repos\tictactoe\tictactoe\x64\debug\tictactoe.tlog\link.11308-rc.write.1.tlog
c:\users\tom\source\repos\tictactoe\tictactoe\x64\debug\tictactoe.tlog\link.11308.read.1.tlog
c:\users\tom\source\repos\tictactoe\tictactoe\x64\debug\tictactoe.tlog\link.11308.read.2.tlog
c:\users\tom\source\repos\tictactoe\tictactoe\x64\debug\tictactoe.tlog\link.11308.read.3.tlog
c:\users\tom\source\repos\tictactoe\tictactoe\x64\debug\tictactoe.tlog\link.11308.read.4.tlog
c:\users\tom\source\repos\tictactoe\tictactoe\x64\debug\tictactoe.tlog\link.11308.read.5.tlog
c:\users\tom\source\repos\tictactoe\tictactoe\x64\debug\tictactoe.tlog\link.11308.write.1.tlog
c:\users\tom\source\repos\tictactoe\tictactoe\x64\debug\tictactoe.tlog\link.command.1.tlog
c:\users\tom\source\repos\tictactoe\tictactoe\x64\debug\tictactoe.tlog\link.read.1.tlog
c:\users\tom\source\repos\tictactoe\tictactoe\x64\debug\tictactoe.tlog\link.secondary.1.tlog
c:\users\tom\source\repos\tictactoe\tictactoe\x64\debug\tictactoe.tlog\link.write.1.tlog
